train 12: ['20_F_0004G', '20_F_0097G', '20_F_2633G', '20_F_2634G', '20_F_2636G', '20_F_2637G', '20_M_1113G', '20_M_1114G', '20_M_1115G', '20_M_1117G', '20_M_1559G', '20_M_1573G']
test  3: ['20_F_0179G', '20_F_2635G', '20_M_1116G']
[cv] 20_F_0004G: 313s  best pair apex/fine len_err=+0.53
[cv] 20_F_0097G: 298s  best pair coarse/atlas len_err=-4.79
[cv] 20_F_2633G: 299s  best pair coarse/atlas len_err=+0.05
[cv] 20_F_2634G: 624s  best pair atlas/fine len_err=+0.04
[cv] 20_F_2636G: 967s  best pair apex/atlas len_err=+0.37
[cv] 20_F_2637G: 583s  best pair apex/atlas len_err=-0.10
[cv] 20_M_1113G: 564s  best pair coarse/fine len_err=-3.89
[cv] 20_M_1114G: 382s  best pair fine/coarse len_err=-0.99
[cv] 20_M_1115G: 352s  best pair atlas/coarse len_err=-1.08
[cv] 20_M_1117G: 320s  best pair apex/atlas len_err=+1.31
[cv] 20_M_1559G: 321s  best pair coarse/atlas len_err=-0.02
[cv] 20_M_1573G: 298s  best pair fine/fine len_err=+3.27

Leave-one-out over the 12 training hands (length error, mm)
P1      P15        MAE   bias    max <=0.5  P1err P15err
apex    atlas     1.90  -0.44   5.05   3/12   1.97   2.40
fine    atlas     1.92  -0.30   4.98   3/12   2.24   2.40
coarse  atlas     1.93  -0.32   4.79   3/12   2.08   2.40
atlas   atlas     2.01  -0.41   5.04   2/12   1.53   2.40
apex    fine      2.57  -0.98   6.97   3/12   1.97   3.33
atlas   fine      2.60  -0.95   7.05   2/12   1.53   3.33
fine    fine      2.60  -0.86   7.01   1/12   2.24   3.33
coarse  fine      2.66  -0.87   6.79   2/12   2.08   3.33
apex    coarse    2.67  -0.86   7.23   1/12   1.97   3.25
atlas   coarse    2.69  -0.83   7.29   1/12   1.53   3.25
fine    coarse    2.74  -0.73   7.25   1/12   2.24   3.25
coarse  coarse    2.79  -0.74   7.04   0/12   2.08   3.25

chosen: P1=apex  P15=atlas  bias correction=-0.44 mm
[test] 20_F_0179G: pred=47.77 ref=45.6 err=+2.17 (bias-corrected +2.61)  P1err=1.84 P15err=2.29
[test] 20_F_2635G: pred=48.03 ref=44.6 err=+3.43 (bias-corrected +3.87)  P1err=0.62 P15err=3.59
[test] 20_M_1116G: pred=51.64 ref=55.1 err=-3.46 (bias-corrected -3.02)  P1err=2.07 P15err=3.04

Test hands, all method pairs
P1      P15        MAE   bias    max <=0.5  P1err P15err
coarse  fine      2.06  -1.33   4.44   0/3    1.50   2.84
atlas   fine      2.07  -1.46   4.62   0/3    1.92   2.84
fine    fine      2.11  -1.14   4.27   0/3    1.35   2.84
atlas   coarse    2.40  -1.01   5.12   0/3    1.92   2.91
coarse  coarse    2.41  -0.89   4.95   0/3    1.50   2.91
apex    fine      2.41  -0.71   4.20   1/3    1.51   2.84
fine    coarse    2.49  -0.70   4.78   0/3    1.35   2.91
atlas   atlas     2.56  -0.03   3.88   0/3    1.92   2.97
coarse  atlas     2.58  +0.09   3.73   0/3    1.50   2.97
fine    atlas     2.66  +0.29   3.56   0/3    1.35   2.97
apex    coarse    2.86  -0.27   4.70   0/3    1.51   2.91
apex    atlas     3.02  +0.71   3.46   0/3    1.51   2.97
saved C:\Users\heony\Documents\samsungkeyboard\thumb_model\model.pkl
